// Jest Snapshot v1, https://goo.gl/fbAQLP

exports[`Navbar snapshots 1`] = `
.c0 {
  height: 64px;
  top: 0;
  position: -webkit-sticky;
  position: sticky;
  background: rgba(255,255,255,1);
  box-sizing: border-box;
  z-index: 1000;
  display: grid;
  grid-column-gap: 40px;
  grid-template-columns: auto 1fr auto;
  grid-template-areas: 'left center right';
  -webkit-align-items: center;
  -webkit-box-align: center;
  -ms-flex-align: center;
  align-items: center;
  border-bottom: 2px solid rgba(247,247,247,1);
  padding-left: 40px;
  padding-right: 40px;
  padding-top: 8px;
  padding-bottom: 8px;
  margin: 0;
  color: rgba(61,61,61,1);
  font-family: Equinor;
  font-size: 1.000rem;
  font-weight: 400;
  line-height: 1.000em;
  -webkit-letter-spacing: 0.013em;
  -moz-letter-spacing: 0.013em;
  -ms-letter-spacing: 0.013em;
  letter-spacing: 0.013em;
}

.c1 {
  -webkit-text-decoration: none;
  text-decoration: none;
  color: inherit;
}

<header
  className="c0"
>
  <a
    className="c1"
    href="/gpa"
    onClick={[Function]}
  >
    GPA
  </a>
</header>
`;
