// Jest Snapshot v1, https://goo.gl/fbAQLP

exports[`Navbar snapshots 1`] = `
.c0 {
  display: -webkit-box;
  display: -webkit-flex;
  display: -ms-flexbox;
  display: flex;
  -webkit-flex-direction: row;
  -ms-flex-direction: row;
  flex-direction: row;
  width: 100%;
  min-height: 64px;
  border-bottom: 2px solid #f7f7f7;
  -webkit-align-items: center;
  -webkit-box-align: center;
  -ms-flex-align: center;
  align-items: center;
  -webkit-box-pack: justify;
  -webkit-justify-content: space-between;
  -ms-flex-pack: justify;
  justify-content: space-between;
}

.c1 {
  display: -webkit-box;
  display: -webkit-flex;
  display: -ms-flexbox;
  display: flex;
  -webkit-flex-direction: row;
  -ms-flex-direction: row;
  flex-direction: row;
  margin-left: 50px;
  -webkit-align-items: center;
  -webkit-box-align: center;
  -ms-flex-align: center;
  align-items: center;
  font-family: Equinor,serif;
}

.c1 img.logo {
  width: 80px;
  height: 55px;
  margin: 3px 0;
  object-fit: cover;
}

.c1 > span {
  margin: 2px 0 0 25px;
  font-size: 18px;
  font-weight: 500;
  cursor: pointer;
}

.c1 > span > a,
.c1 > span a:hover {
  color: black;
  -webkit-text-decoration: none;
  text-decoration: none;
}

<nav
  className="c0"
>
  <div
    className="c1"
  >
    <a
      href="/neqsim"
      onClick={[Function]}
    >
      <svg
        fill="none"
        height={24}
        viewBox="0 0 24 24"
        width={24}
        xmlns="http://www.w3.org/2000/svg"
      >
        <path
          clipRule="evenodd"
          d="M3 8V6H21V8H3ZM3 13H21V11H3V13ZM3 18H21V16H3V18Z"
          fill="#007079"
          fillRule="evenodd"
        />
      </svg>
    </a>
    <span>
      <a
        href="/neqsim"
        onClick={[Function]}
      >
        Neqsim
      </a>
    </span>
  </div>
  <div
    style={
      Object {
        "height": "24px",
        "marginRight": "50px",
      }
    }
  />
</nav>
`;
